*** Using Compiler 'V5.06 update 7 (build 960)', folder: 'C:\App\Work\keil5\ARM\arm compiler5\Bin'
Build target 'SENTINEL-M'
Before Build - User command #1: powershell.exe -NoProfile -ExecutionPolicy Bypass -File ..\..\..\tools\GenBuildInfo.ps1
generated C:\Users\28111\Desktop\ARBATOS\shared\generated\build_info_autogen.h
compiling ArmTask.c...
compiling RcSbusTask.c...
compiling Diskio.c...
compiling SdSpi.c...
compiling CanRxTask.c...
compiling UsbHostLinkTask.c...
compiling CanTxTask.c...
compiling CanReceive.c...
compiling SdLog.c...
compiling ChassisBehaviour.c...
compiling GimbalControlTask.c...
compiling stm32h7xx_it.c...
compiling ManualInput.c...
compiling BoardFreertos.c...
compiling SubBoardBringup.c...
compiling BoardMain.c...
compiling InsTask.c...
compiling Watch.c...
..\..\..\shared\application\services\diagnostics\WatchDiagCopy.inc(13): warning:  #188-D: enumerated type mixed with another type
      RobotLifecycleSnapshot lifecycle = {0};
..\..\..\shared\application\services\diagnostics\Watch.c: 1 warning, 0 errors
compiling ChassisControlTask.c...
linking...
Program Size: Code=197168 RO-data=181464 RW-data=70124 ZI-data=101924  
FromELF: creating hex file...
"SENTINEL-M\\SENTINEL-M.axf" - 0 Error(s), 1 Warning(s).
Build Time Elapsed:  00:00:11
